Updates only the fields given as flags. --enabled/--disabled and --12h/--24h are each mutually exclusive. --tz must be a label from `tickerbox tz list`.

Usage:
  tickerbox clock set [flags]

Examples:
  tickerbox clock set --enabled --12h --tz America/Chicago

Flags:
      --12h                   use 12-hour time format
      --24h                   use 24-hour time format
      --animation-speed int   clock animation speed (10-200)
      --disabled              disable the clock screen
      --enabled               enable the clock screen
  -h, --help                  help for set
      --tz string             timezone label

Global Flags:
  -d, --device string      named device from the config file
      --host string        TickerBox base URL (default http://tickerbox.local, or $TICKERBOX_HOST)
  -j, --json               emit raw device JSON instead of a decoded table
      --retry int          retry an idempotent request this many times on a transient failure (default 2)
      --timeout duration   per-request timeout (default 10s)
