Sets NAME as the device used when neither --host, --device, nor $TICKERBOX_HOST is given.

Usage:
  tickerbox device use NAME [flags]

Examples:
  tickerbox device use desk

Flags:
  -h, --help   help for use

Global Flags:
  -d, --device string      named device from the config file
      --host string        TickerBox base URL (default http://tickerbox.local, or $TICKERBOX_HOST)
  -j, --json               emit raw device JSON instead of a decoded table
      --retry int          retry an idempotent request this many times on a transient failure (default 2)
      --timeout duration   per-request timeout (default 10s)
