Updates only the fields given as flags. --brightness is 10-255, --interval is 10-60 seconds between screens. --sleep and --no-sleep are mutually exclusive. --sleep-start and --sleep-end accept RFC3339, 2006-01-02T15:04:05, or 2006-01-02.

Usage:
  tickerbox display set [flags]

Examples:
  tickerbox display set --brightness 180 --interval 20 --sleep --sleep-start 2026-01-01T22:00:00 --sleep-end 2026-01-02T07:00:00

Flags:
      --brightness int       display brightness (10-255)
  -h, --help                 help for set
      --interval int         seconds between screens (10-60)
      --no-sleep             disable scheduled sleep
      --sleep                enable scheduled sleep
      --sleep-end string     sleep end time, ISO8601
      --sleep-start string   sleep start time, ISO8601

Global Flags:
  -d, --device string      named device from the config file
      --host string        TickerBox base URL (default http://tickerbox.local, or $TICKERBOX_HOST)
  -j, --json               emit raw device JSON instead of a decoded table
      --retry int          retry an idempotent request this many times on a transient failure (default 2)
      --timeout duration   per-request timeout (default 10s)
