Manages the Financial Modeling Prep API key `tickers add` uses to verify a symbol before adding it. Resolved from $TICKERBOX_FMP_API_KEY first, then the key stored here.

Usage:
  tickerbox fmp [command]

Available Commands:
  set-key     Store a Financial Modeling Prep API key in the config file

Flags:
  -h, --help   help for fmp

Global Flags:
  -d, --device string      named device from the config file
      --host string        TickerBox base URL (default http://tickerbox.local, or $TICKERBOX_HOST)
  -j, --json               emit raw device JSON instead of a decoded table
      --retry int          retry an idempotent request this many times on a transient failure (default 2)
      --timeout duration   per-request timeout (default 10s)

Use "tickerbox fmp [command] --help" for more information about a command.
