Persists KEY to config.toml. $TICKERBOX_FMP_API_KEY, when set, overrides the stored key without changing it.

Usage:
  tickerbox fmp set-key <key> [flags]

Examples:
  tickerbox fmp set-key abc123

Flags:
  -h, --help   help for set-key

Global Flags:
  -d, --device string      named device from the config file
      --host string        TickerBox base URL ($TICKERBOX_HOST, or the default device; error if neither is set)
  -j, --json               emit raw device JSON instead of a decoded table
      --retry int          retry an idempotent request this many times on a transient failure (default 2)
      --timeout duration   per-request timeout (default 10s)
