Named, device-agnostic bundles of ticker/display/clock/ntp settings (and, with --all, wifi/ap secrets), applied to whichever device currently resolves — see `tickerbox device current`. Distinct from `tickerbox config`, which exports and diffs one device's full live snapshot rather than a saved, reusable bundle.

Usage:
  tickerbox profile [command]

Available Commands:
  apply       Apply a saved profile to the device
  diff        Compare a saved profile against the device's current config
  list        List saved profiles
  rm          Delete a saved profile
  save        Capture the device's current config as a named profile
  show        Show a saved profile

Flags:
  -h, --help   help for profile

Global Flags:
  -d, --device string      named device from the config file
      --host string        TickerBox base URL ($TICKERBOX_HOST, or the default device; error if neither is set)
  -j, --json               emit raw device JSON instead of a decoded table
      --retry int          retry an idempotent request this many times on a transient failure (default 2)
      --timeout duration   per-request timeout (default 10s)

Use "tickerbox profile [command] --help" for more information about a command.
