Shows features, system, Wi-Fi, AP, NTP, display, and clock state in one report. --all runs this against every device in the config file instead of the resolved target.

Usage:
  tickerbox status [flags]

Examples:
  tickerbox status --all --json

Flags:
      --all    show status for every device in the config file instead of the resolved target
  -h, --help   help for status

Global Flags:
  -d, --device string      named device from the config file
      --host string        TickerBox base URL ($TICKERBOX_HOST, or the default device; error if neither is set)
  -j, --json               emit raw device JSON instead of a decoded table
      --retry int          retry an idempotent request this many times on a transient failure (default 2)
      --timeout duration   per-request timeout (default 10s)
